------------------------------------------------------------
TimeQuest Timing Analyzer Summary
------------------------------------------------------------

Type  : Slow Model Setup 'CLOCK_50'
Slack : -6.827
TNS   : -1059.249

Type  : Slow Model Setup 'teclado:Controlador|controlador:U0|Debouncer:d0|State'
Slack : -2.074
TNS   : -13.184

Type  : Slow Model Hold 'CLOCK_50'
Slack : -2.517
TNS   : -24.537

Type  : Slow Model Hold 'teclado:Controlador|controlador:U0|Debouncer:d0|State'
Slack : -0.026
TNS   : -0.026

Type  : Slow Model Recovery 'CLOCK_50'
Slack : -3.520
TNS   : -55.569

Type  : Slow Model Removal 'CLOCK_50'
Slack : 3.540
TNS   : 0.000

Type  : Slow Model Minimum Pulse Width 'CLOCK_50'
Slack : -1.380
TNS   : -241.380

Type  : Slow Model Minimum Pulse Width 'teclado:Controlador|controlador:U0|Debouncer:d0|State'
Slack : -0.500
TNS   : -16.000

Type  : Fast Model Setup 'CLOCK_50'
Slack : -2.419
TNS   : -356.196

Type  : Fast Model Setup 'teclado:Controlador|controlador:U0|Debouncer:d0|State'
Slack : -0.386
TNS   : -0.725

Type  : Fast Model Hold 'CLOCK_50'
Slack : -1.560
TNS   : -28.398

Type  : Fast Model Hold 'teclado:Controlador|controlador:U0|Debouncer:d0|State'
Slack : 0.094
TNS   : 0.000

Type  : Fast Model Recovery 'CLOCK_50'
Slack : -1.057
TNS   : -16.559

Type  : Fast Model Removal 'CLOCK_50'
Slack : 1.674
TNS   : 0.000

Type  : Fast Model Minimum Pulse Width 'CLOCK_50'
Slack : -1.380
TNS   : -241.380

Type  : Fast Model Minimum Pulse Width 'teclado:Controlador|controlador:U0|Debouncer:d0|State'
Slack : -0.500
TNS   : -16.000

------------------------------------------------------------
